// Jest Snapshot v1, https://goo.gl/fbAQLP

exports[`Note component should correctly render 1`] = `
<styled.div>
  <styled.div>
    <styled.button
      onClick={[Function]}
    >
      X
    </styled.button>
  </styled.div>
  <styled.div>
    <styled.p>
      test
    </styled.p>
  </styled.div>
</styled.div>
`;
